// Jest Snapshot v1, https://goo.gl/fbAQLP

exports[`<Main /> should render the heading 1`] = `
<main
  class="styles__Wrapper-sc-18tj86z-0 kvvBEb"
>
  <img
    alt="Imagem de um atÃ³mo - escrito ao lado Won Games"
    class="styles__Logo-sc-18tj86z-1 kqUYFU"
    src="/img/logo.svg"
  />
  <h1
    class="styles__Title-sc-18tj86z-2 gZbkHa"
  >
    Won Games
  </h1>
  <h2
    class="styles__Description-sc-18tj86z-3 fMaWrV"
  >
    TypeScript, ReactJS, NextJS, Styled Components
  </h2>
  <img
    alt="Desenvolvedor na frente do comptutador"
    class="styles__Logo-sc-18tj86z-1 kqUYFU"
    src="/img/hero-illustration.svg"
  />
</main>
`;
